main.c:62:6:display7SEG	32	static
main.c:68:6:clear	8	static
main.c:71:6:EnableLed	8	static
main.c:80:6:enable	16	static
main.c:84:6:update7SEG	16	static
main.c:112:6:updateClockBuffer	4	static
main.c:133:6:setCol	16	static
main.c:144:6:setRow	8	static
main.c:154:6:updateLEDMatrix	16	static
main.c:199:5:main	8	static
main.c:276:6:SystemClock_Config	72	static
main.c:312:13:MX_TIM2_Init	32	static
main.c:357:13:MX_GPIO_Init	32	static
main.c:406:6:HAL_TIM_PeriodElapsedCallback	16	static
main.c:416:6:Error_Handler	4	static,ignoring_inline_asm
